// Jest Snapshot v1, https://goo.gl/fbAQLP

exports[`Shop Page should render Shop Page component 1`] = `ReactWrapper {}`;
